
> test
> node --test test/*.test.mjs

✔ empty shrug (6.266208ms)
✔ empty tableflip (1.391667ms)
✔ formatted action (6.7845ms)
✔ malicious author (2.011791ms)
✔ nonmatching '/me' (1.334125ms)
✔ nonmatching '/ME waves' (1.659917ms)
✔ nonmatching '/me waves\n' (1.868875ms)
✔ nonmatching '/me one\ntwo' (1.351666ms)
✔ nonmatching '/shrug\n' (1.252208ms)
✔ nonmatching ' /shrug' (1.209708ms)
✔ action list (1.804458ms)
✔ command separator consumes spaces (1.437125ms)
✔ shrug formatted (1.11825ms)
✔ raw indented code (1.001333ms)
✔ submission normalization (0.774583ms)
✔ bot heading (1.578917ms)
✔ normal heading (1.196958ms)
✔ post-only [details=Title]body[/details] (1.845666ms)
✔ post-only [poll]
* Yes
* No
[/poll] (3.11725ms)
✔ post-only [event]body[/event] (1.2735ms)
✔ post-only [wrap=test]body[/wrap] (1.190416ms)
✔ restricted html (1.766167ms)
✔ script and event (4.57225ms)
✔ protected syntax (5.494667ms)
✔ DST gap (5.119625ms)
✔ DST overlap (2.185125ms)
✔ timezone alias (1.584292ms)
✔ invalid zone fallback (1.375959ms)
✔ date range (3.869083ms)
✔ French locale (1.672041ms)
✔ English isolation (1.384ms)
✔ known mention (2.750916ms)
✔ known group (1.232542ms)
✔ boolean mention unresolved (1.085125ms)
✔ custom emoji (1.209291ms)
✔ denied emoji (1.574416ms)
✔ unicode emoji (4.138125ms)
✔ bidi code (1.068458ms)
✔ bidi text (0.920208ms)
✔ external rel (1.185ms)
✔ internal rel (0.93175ms)
✔ allowlisted rel (0.93825ms)
✔ blocked media (1.593625ms)
✔ missing upload (3.140208ms)
✔ missing transcript metadata (1.220084ms)
✔ nested transcript (3.115708ms)
✔ unknown mention (1.246042ms)
✔ video without thumbnail (1.69775ms)
✔ compound cloud emoji (1.441041ms)
✔ skin tone emoji (1.185292ms)
✔ family emoji (1.108583ms)
✔ adjacent variation selector (1.173ms)
✔ blocked video without thumbnail (1.092958ms)
✔ human editor of bot message (1.7415ms)
✔ bot editor of human message (1.464958ms)
✔ email format and timezone (1.709583ms)
✔ cached CDN upload allowed (1.587917ms)
✔ poisoned watched word html (1.169208ms)
✔ censor snapshot (0.954625ms)
✔ cached video thumbnail (1.008042ms)
✔ poisoned media metadata (0.991542ms)
✔ chained transcript metadata (1.700083ms)
✔ internal link with userinfo (0.925709ms)
✔ cached inline onebox (1.066208ms)
✔ target blank gets noopener (1.004083ms)
✔ bot image carousel (1.009584ms)
✔ ordinary chat excludes image grid (0.996917ms)
✔ fence metadata is constrained (1.039ms)
✔ cached template content receives cleanup before sanitizer unwraps it (2.660834ms)
✔ cached opaque xmp body cannot become active media (1.57525ms)
✔ cached opaque plaintext body cannot become active media (1.258917ms)
✔ cached opaque noembed body cannot become active media (1.038333ms)
✔ cached opaque noframes body cannot become active media (1.022917ms)
✔ cached opaque noscript body cannot become active media (0.916959ms)
✔ cached opaque textarea body cannot become active media (1.002416ms)
✔ cached opaque title body cannot become active media (0.850958ms)
✔ blocked video cannot use native original-source fallback (1.276459ms)
✔ Chat slash recognition and single-paragraph formatting (18.663875ms)
✔ ordinary and bot dialects (6.371ms)
✔ transcript nested chat dialect (3.665625ms)
✔ local dates normalize and use UTC with fixed locale (6.708166ms)
✔ nested transcript hashtag priority differs from its post parent (2.108959ms)
✔ transcript metadata is text and cannot inject HTML (1.633291ms)
✔ nested Chat selects post-only syntax and token modules (1.705875ms)
✔ nested Chat selects chat-only syntax and token modules (1.39625ms)
✔ nested Chat excludes missing-dependency (2.733875ms)
✔ nested Chat excludes disabled-owner (2.7845ms)
✔ common markdown (8.314917ms)
✔ protected inline code (5.514458ms)
✔ fenced code (2.332625ms)
✔ post headings (1.645333ms)
✔ chat headings stay literal (1.756417ms)
✔ emoji (1.360917ms)
✔ vendored spoiler plugin (1.395834ms)
✔ unknown mention hashtag and upload (5.079292ms)
✔ unknown onebox (4.489875ms)
✔ known upload (1.940833ms)
✔ quote BBCode (1.314625ms)
✔ raw script blocked (1.033084ms)
✔ cached raw onebox final trust boundary (1.925292ms)
✔ site/account snapshots and custom emoji alias cache do not leak (6.374959ms)
✔ bounded readable failure and recovery (1.091125ms)
✔ final URL/event policy resists hostile settings and snapshots (5.420875ms)
✔ normalized URL policy also covers original-URL metadata (5.271375ms)
✔ bundled fixture has syntax and constrained final policy without ambient IO (1.240459ms)
✔ unresolved references reflect parser lookup, excluding protected code (1.79975ms)
✔ assembly rejects comment-only missing export during build (8.365166ms)
✔ assembly rejects non-callable stages during initialization (5.878291ms)
✔ assembly accepts callable stages without any host IO (4.296083ms)
ℹ tests 109
ℹ suites 0
ℹ pass 109
ℹ fail 0
ℹ cancelled 0
ℹ skipped 0
ℹ todo 0
ℹ duration_ms 245.859042
