
> test
> node --test test/*.test.mjs

✔ empty shrug (7.681292ms)
✔ empty tableflip (1.795667ms)
✔ formatted action (6.03125ms)
✔ malicious author (3.133959ms)
✔ nonmatching '/me' (1.796542ms)
✔ nonmatching '/ME waves' (2.032ms)
✔ nonmatching '/me waves\n' (2.487583ms)
✔ nonmatching '/me one\ntwo' (1.668166ms)
✔ nonmatching '/shrug\n' (1.41175ms)
✔ nonmatching ' /shrug' (1.467459ms)
✔ action list (2.338917ms)
✔ command separator consumes spaces (1.588958ms)
✔ shrug formatted (1.3545ms)
✔ raw indented code (1.060667ms)
✔ submission normalization (0.8645ms)
✔ bot heading (1.699834ms)
✔ normal heading (1.3065ms)
✔ post-only [details=Title]body[/details] (2.11575ms)
✔ post-only [poll]
* Yes
* No
[/poll] (3.378792ms)
✔ post-only [event]body[/event] (1.461666ms)
✔ post-only [wrap=test]body[/wrap] (2.064834ms)
✔ restricted html (1.903916ms)
✔ script and event (4.964791ms)
✔ protected syntax (5.475208ms)
✔ DST gap (4.978792ms)
✔ DST overlap (2.008541ms)
✔ timezone alias (1.716167ms)
✔ invalid zone fallback (1.537291ms)
✔ date range (3.863959ms)
✔ French locale (1.506916ms)
✔ English isolation (1.34575ms)
✔ known mention (4.01725ms)
✔ known group (1.323208ms)
✔ boolean mention unresolved (1.13ms)
✔ custom emoji (1.7935ms)
✔ denied emoji (1.400792ms)
✔ unicode emoji (2.891666ms)
✔ bidi code (1.383042ms)
✔ bidi text (1.145958ms)
✔ external rel (1.553334ms)
✔ internal rel (1.213208ms)
✔ allowlisted rel (1.167667ms)
✔ blocked media (1.352875ms)
✔ missing upload (2.566291ms)
✔ missing transcript metadata (1.26175ms)
✔ nested transcript (3.043792ms)
✔ unknown mention (3.425542ms)
✔ video without thumbnail (3.760375ms)
✔ compound cloud emoji (1.529417ms)
✔ skin tone emoji (1.283125ms)
✔ family emoji (1.217084ms)
✔ adjacent variation selector (1.287375ms)
✔ blocked video without thumbnail (1.197292ms)
✔ human editor of bot message (1.002542ms)
✔ bot editor of human message (1.568ms)
✔ email format and timezone (2.261708ms)
✔ cached CDN upload allowed (2.579917ms)
✔ poisoned watched word html (1.658292ms)
✔ censor snapshot (1.173083ms)
✔ cached video thumbnail (1.177125ms)
✔ poisoned media metadata (1.068875ms)
✔ chained transcript metadata (1.884875ms)
✔ internal link with userinfo (1.121875ms)
✔ cached inline onebox (1.333166ms)
✔ target blank gets noopener (1.10675ms)
✔ bot image carousel (1.253125ms)
✔ ordinary chat excludes image grid (1.476875ms)
✔ fence metadata is constrained (2.846458ms)
✔ Chat slash recognition and single-paragraph formatting (20.168542ms)
✔ ordinary and bot dialects (7.411417ms)
✔ transcript nested chat dialect (4.5145ms)
✔ local dates normalize and use UTC with fixed locale (8.53125ms)
✔ nested transcript hashtag priority differs from its post parent (2.091167ms)
✔ transcript metadata is text and cannot inject HTML (1.506583ms)
✔ common markdown (8.540209ms)
✔ protected inline code (7.073167ms)
✔ fenced code (1.6555ms)
✔ post headings (1.540167ms)
✔ chat headings stay literal (1.613209ms)
✔ emoji (2.172916ms)
✔ vendored spoiler plugin (2.252708ms)
✔ unknown mention hashtag and upload (7.00225ms)
✔ unknown onebox (4.199583ms)
✔ known upload (2.440166ms)
✔ quote BBCode (1.524666ms)
✔ raw script blocked (1.77075ms)
✔ cached raw onebox final trust boundary (3.464792ms)
✔ site/account snapshots and custom emoji alias cache do not leak (7.374833ms)
✔ bounded readable failure and recovery (1.134291ms)
✔ final URL/event policy resists hostile settings and snapshots (4.988542ms)
✔ normalized URL policy also covers original-URL metadata (6.076833ms)
✔ bundled fixture has syntax and constrained final policy without ambient IO (1.256625ms)
✔ unresolved references reflect parser lookup, excluding protected code (1.785583ms)
✔ assembly rejects comment-only missing export during build (12.222041ms)
✔ assembly rejects non-callable stages during initialization (14.248792ms)
✔ assembly accepts callable stages without any host IO (8.071375ms)
ℹ tests 96
ℹ suites 0
ℹ pass 96
ℹ fail 0
ℹ cancelled 0
ℹ skipped 0
ℹ todo 0
ℹ duration_ms 244.441542
